---
source: crates/pessimistic-proof-test-suite/tests/cycle-tracker.rs
expression: stats
snapshot_kind: text
---
opcode counts (1582515 total instructions):
  390145 add
  285459 sw
  253602 lw
  146482 lbu
  119590 sb
   69953 beq
   56068 bne
   45979 xor
   43387 bltu
   42364 jalr
   21871 auipc
   20823 and
   14968 jal
   14695 or
   13771 srl
   12805 lb
   11815 sll
    6485 sltu
    5935 sub
    2029 bgeu
    1457 ecall
    1362 mul
     722 sh
     681 mulhu
      39 sra
      12 lhu
       8 lh
       6 blt
       2 bge
       0 slt
       0 ebreak
       0 mulh
       0 mulhsu
       0 div
       0 divu
       0 rem
       0 remu
       0 unimp
syscall counts (1457 total syscall instructions):
  652 keccak_permute
  512 secp256k1_double
  265 secp256k1_add
    8 commit
    8 commit_deferred_proofs
    4 hint_len
    4 hint_read
    1 halt
    1 write
    1 enter_unconstrained
    1 secp256k1_decompress
    0 exit_unconstrained
    0 verify_sp1_proof
    0 ed_decompress
    0 bn254_double
    0 bls12381_decompress
    0 bls12381_double
    0 sha_compress
    0 ed_add
    0 bn254_add
    0 uint256_mul
    0 bls12381_add
    0 bls12381_fp_add
    0 bls12381_fp_sub
    0 bls12381_fp_mul
    0 bls12381_fp2_add
    0 bls12381_fp2_sub
    0 bls12381_fp2_mul
    0 bn254_fp_add
    0 bn254_fp_sub
    0 bn254_fp_mul
    0 bn254_fp2_add
    0 bn254_fp2_sub
    0 bn254_fp2_mul
    0 sha_extend
