---
source: crates/pessimistic-proof-test-suite/tests/cycle-tracker.rs
expression: stats
snapshot_kind: text
---
opcode counts (1687469 total instructions):
  416478 add
  303372 sw
  267960 lw
  157792 lbu
  125701 sb
   71627 beq
   62519 bne
   49489 xor
   47017 bltu
   44227 jalr
   23265 and
   22792 auipc
   16741 or
   15417 jal
   14005 srl
   13993 lb
   13399 sll
    7601 sltu
    7055 sub
    2380 bgeu
    1495 ecall
    1473 mul
     887 sh
     681 mulhu
      39 sra
      30 lhu
      20 bge
       8 lh
       6 blt
       0 slt
       0 ebreak
       0 mulh
       0 mulhsu
       0 div
       0 divu
       0 rem
       0 remu
       0 unimp
syscall counts (1495 total syscall instructions):
  709 keccak_permute
  512 secp256k1_double
  246 secp256k1_add
    8 commit
    8 commit_deferred_proofs
    4 hint_len
    4 hint_read
    1 halt
    1 write
    1 enter_unconstrained
    1 secp256k1_decompress
    0 exit_unconstrained
    0 verify_sp1_proof
    0 ed_decompress
    0 bn254_double
    0 bls12381_decompress
    0 bls12381_double
    0 sha_compress
    0 ed_add
    0 bn254_add
    0 uint256_mul
    0 bls12381_add
    0 bls12381_fp_add
    0 bls12381_fp_sub
    0 bls12381_fp_mul
    0 bls12381_fp2_add
    0 bls12381_fp2_sub
    0 bls12381_fp2_mul
    0 bn254_fp_add
    0 bn254_fp_sub
    0 bn254_fp_mul
    0 bn254_fp2_add
    0 bn254_fp2_sub
    0 bn254_fp2_mul
    0 sha_extend
