---
source: crates/pessimistic-proof-test-suite/tests/cycle-tracker.rs
expression: stats
snapshot_kind: text
---
opcode counts (2889559 total instructions):
  717551 add
  516950 sw
  445625 lw
  280941 lbu
  208311 sb
  121761 bne
  108384 beq
   89781 xor
   85342 bltu
   70109 jalr
   44412 and
   35834 auipc
   30747 or
   24114 lb
   23715 jal
   23659 sll
   19398 srl
   15218 sltu
   15211 sub
    5062 bgeu
    2347 mul
    2132 ecall
    1997 sh
     681 mulhu
     119 lhu
     101 bge
      39 sra
      10 blt
       8 lh
       0 slt
       0 ebreak
       0 mulh
       0 mulhsu
       0 div
       0 divu
       0 rem
       0 remu
       0 unimp
syscall counts (2132 total syscall instructions):
  1334 keccak_permute
   512 secp256k1_double
   258 secp256k1_add
     8 commit
     8 commit_deferred_proofs
     4 hint_len
     4 hint_read
     1 halt
     1 write
     1 enter_unconstrained
     1 secp256k1_decompress
     0 exit_unconstrained
     0 verify_sp1_proof
     0 ed_decompress
     0 bn254_double
     0 bls12381_decompress
     0 bls12381_double
     0 sha_compress
     0 ed_add
     0 bn254_add
     0 uint256_mul
     0 bls12381_add
     0 bls12381_fp_add
     0 bls12381_fp_sub
     0 bls12381_fp_mul
     0 bls12381_fp2_add
     0 bls12381_fp2_sub
     0 bls12381_fp2_mul
     0 bn254_fp_add
     0 bn254_fp_sub
     0 bn254_fp_mul
     0 bn254_fp2_add
     0 bn254_fp2_sub
     0 bn254_fp2_mul
     0 sha_extend
